// Jest Snapshot v1, https://goo.gl/fbAQLP

exports[`Login Page matches the snapshot 1`] = `
<DocumentFragment>
  <main
    class="flex min-h-screen flex-col bg-gradient-to-r from-[#01557B] to-[#019BE1] p-4 md:p-10"
  >
    <div
      class="flex items-center justify-start mb-8"
    >
      <img
        alt="logo"
        data-nimg="1"
        decoding="async"
        height="100"
        loading="lazy"
        src="/_next/image?url=%2Fimg.jpg&w=256&q=75"
        srcset="/_next/image?url=%2Fimg.jpg&w=128&q=75 1x, /_next/image?url=%2Fimg.jpg&w=256&q=75 2x"
        style="color: transparent;"
        width="100"
      />
      <p
        class="text-4xl font-bold ml-4"
      >
        <span
          class="text-white"
        >
          Angkasapura |
        </span>
         
        <span
          class="text-[#66B82F]"
        >
          Airports
        </span>
      </p>
    </div>
    <div
      class="flex-grow flex items-center justify-center"
    >
      <div
        class="rounded-xl border bg-card text-card-foreground shadow p-8 w-full max-w-md h-auto"
      >
        <div
          class="flex flex-col space-y-1.5 p-6"
        >
          <h3
            class="font-semibold tracking-tight text-center text-3xl"
          >
            Sign In
          </h3>
          <p
            class="text-muted-foreground text-sm font-semibold text-center"
          >
            More than just tracking, we empower you to
            <br />
            your letters with ease and efficiency
          </p>
        </div>
        <div
          class="p-6 pt-0"
        >
          <form>
            <label
              class="text-sm font-medium leading-none peer-disabled:cursor-not-allowed peer-disabled:opacity-70"
              for="username"
            >
              Username
            </label>
            <input
              class="flex w-full rounded-md bg-transparent text-sm shadow-sm transition-colors file:border-0 file:bg-transparent file:text-sm file:font-medium file:text-foreground placeholder:text-muted-foreground focus-visible:outline-none focus-visible:ring-1 focus-visible:ring-ring disabled:cursor-not-allowed disabled:opacity-50 mb-4 mt-1.5 h-10 p-3 font-medium border border-gray-300 focus:border-blue-500 focus:outline-none"
              id="username"
              placeholder="Enter your username"
              required=""
              type="text"
              value=""
            />
            <label
              class="text-sm font-medium leading-none peer-disabled:cursor-not-allowed peer-disabled:opacity-70"
              for="password"
            >
              Password
            </label>
            <div
              class="relative"
            >
              <input
                class="flex w-full rounded-md bg-transparent text-sm shadow-sm transition-colors file:border-0 file:bg-transparent file:text-sm file:font-medium file:text-foreground placeholder:text-muted-foreground focus-visible:outline-none focus-visible:ring-1 focus-visible:ring-ring disabled:cursor-not-allowed disabled:opacity-50 mt-1.5 h-10 p-3 font-medium border border-gray-300 focus:border-blue-500 focus:outline-none"
                id="password"
                placeholder="Enter your password"
                required=""
                type="password"
                value=""
              />
              <span
                class="absolute right-3 top-1/2 transform -translate-y-1/2 text-gray-400 cursor-pointer"
              >
                <svg
                  aria-hidden="true"
                  class="svg-inline--fa fa-eye "
                  data-icon="eye"
                  data-prefix="fas"
                  focusable="false"
                  role="img"
                  viewBox="0 0 576 512"
                  xmlns="http://www.w3.org/2000/svg"
                >
                  <path
                    d="M288 32c-80.8 0-145.5 36.8-192.6 80.6C48.6 156 17.3 208 2.5 243.7c-3.3 7.9-3.3 16.7 0 24.6C17.3 304 48.6 356 95.4 399.4C142.5 443.2 207.2 480 288 480s145.5-36.8 192.6-80.6c46.8-43.5 78.1-95.4 93-131.1c3.3-7.9 3.3-16.7 0-24.6c-14.9-35.7-46.2-87.7-93-131.1C433.5 68.8 368.8 32 288 32zM144 256a144 144 0 1 1 288 0 144 144 0 1 1 -288 0zm144-64c0 35.3-28.7 64-64 64c-7.1 0-13.9-1.2-20.3-3.3c-5.5-1.8-11.9 1.6-11.7 7.4c.3 6.9 1.3 13.8 3.2 20.7c13.7 51.2 66.4 81.6 117.6 67.9s81.6-66.4 67.9-117.6c-11.1-41.5-47.8-69.4-88.6-71.1c-5.8-.2-9.2 6.1-7.4 11.7c2.1 6.4 3.3 13.2 3.3 20.3z"
                    fill="currentColor"
                  />
                </svg>
              </span>
            </div>
            <div
              class="grid mt-5"
            >
              <button
                class="inline-flex items-center justify-center whitespace-nowrap rounded-md transition-colors focus-visible:outline-none focus-visible:ring-1 focus-visible:ring-ring disabled:pointer-events-none disabled:opacity-50 text-primary-foreground shadow h-9 mt-5 p-6 text-lg bg-[#019BE1] hover:bg-[#01557B] font-semibold w-full"
                type="submit"
              >
                Sign In
              </button>
            </div>
          </form>
        </div>
      </div>
    </div>
  </main>
</DocumentFragment>
`;
